---
source: tests/puzzle_snapshots.rs
description: 2023-11-25
expression: snapshot
info:
  columns:
    - bamis
    - aiuco
    - rdvmk
    - aiem
    - elr
    - syr
input_file: files/puzzles/2023-11-25.txt
---
possible_words: 59
steps_to_first_solution: 46
first_solution:
  - aivers
  - bummer
  - ickily
  - modals
  - sarees
possible_solutions: 7

