---
source: tests/puzzle_snapshots.rs
description: 2023-11-19
expression: snapshot
info:
  columns:
    - pcfg
    - ihor
    - riauf
    - sevmn
    - rnpe
    - rsy
input_file: files/puzzles/2023-11-19.txt
---
possible_words: 70
steps_to_first_solution: 67
first_solution:
  - chumps
  - corves
  - fifers
  - granny
  - poiser
possible_solutions: 1

