---
source: tests/puzzle_snapshots.rs
description: 2023-11-20
expression: snapshot
info:
  columns:
    - idtf
    - elrt
    - iocl
    - luwh
    - deli
    - ern
    - ygsd
input_file: files/puzzles/2023-11-20.txt
---
possible_words: 23
steps_to_first_solution: 8
first_solution:
  - deludes
  - flowery
  - itching
  - trilled
possible_solutions: 1

