---
source: tests/puzzle_snapshots.rs
description: 2023-11-25
expression: "SolutionSnapshot { size, steps, solution }"
info:
  columns:
    - bamis
    - aiuco
    - rdvmk
    - aiem
    - elr
    - syr
input_file: files/puzzles/2023-11-25.txt
---
size: 59
steps: 46
solution:
  - aivers
  - bummer
  - ickily
  - modals
  - sarees

