---
source: tests/puzzle_snapshots.rs
description: 2023-11-26
expression: snapshot
info:
  columns:
    - mced
    - nou
    - gnt
    - wgc
    - io
    - eorn
    - red
input_file: files/puzzles/2023-11-26.txt
---
possible_words: 7
steps_to_first_solution: 7
first_solution:
  - concord
  - dogwood
  - entwine
  - muggier
possible_solutions: 1

