---
source: tests/puzzle_snapshots.rs
description: 2023-11-27
expression: snapshot
info:
  columns:
    - tmpb
    - aehu
    - cir
    - nrke
    - ystf
input_file: files/puzzles/2023-11-27.txt
---
possible_words: 86
steps_to_first_solution: 10
first_solution:
  - burnt
  - mairs
  - pecky
  - thief
possible_solutions: 5

