---
source: tests/puzzle_snapshots.rs
description: 2023-11-23
expression: snapshot
info:
  columns:
    - rlwap
    - ioum
    - mutvo
    - eats
    - nsre
input_file: files/puzzles/2023-11-23.txt
---
possible_words: 72
steps_to_first_solution: 37
first_solution:
  - amuse
  - loots
  - putts
  - river
  - woman
possible_solutions: 22

