---
source: tests/puzzle_snapshots.rs
description: 2023-11-24
expression: snapshot
info:
  columns:
    - brfp
    - uao
    - yvr
    - isot
    - eun
    - tdgr
input_file: files/puzzles/2023-11-24.txt
---
possible_words: 33
steps_to_first_solution: 15
first_solution:
  - buyout
  - forted
  - parser
  - roving
possible_solutions: 4

