---
source: tests/puzzle_snapshots.rs
description: 2023-11-21
expression: snapshot
info:
  columns:
    - csb
    - tcir
    - lia
    - fnle
    - sf
input_file: files/puzzles/2023-11-21.txt
---
possible_words: 18
steps_to_first_solution: 14
first_solution:
  - brans
  - cills
  - scaff
  - sties
possible_solutions: 2

