---
source: tests/puzzle_snapshots.rs
description: 2023-11-17
expression: snapshot
info:
  columns:
    - qagwm
    - ogau
    - uaito
    - idetc
    - hsnrk
input_file: files/puzzles/2023-11-17.txt
---
possible_words: 60
steps_to_first_solution: 11
first_solution:
  - again
  - gater
  - mouth
  - quick
  - woods
possible_solutions: 2

