---
source: tests/puzzle_snapshots.rs
description: 2023-11-18
expression: snapshot
info:
  columns:
    - bfhl
    - rea
    - inc
    - skd
    - tgeu
    - psre
input_file: files/puzzles/2023-11-18.txt
---
possible_words: 26
steps_to_first_solution: 8
first_solution:
  - backup
  - fridge
  - heists
  - lender
possible_solutions: 3

